// Jest Snapshot v1, https://goo.gl/fbAQLP

exports[`App snapshot renders 1`] = `
<div
  className="App"
>
  <header
    className="AppHeader"
  >
    <div
      className="LogoContainer"
    >
      <img
        alt="shopify logo"
        src="shopifyLogo.png"
        style={
          Object {
            "height": 56,
            "width": 56,
          }
        }
      />
      <p
        className="logoText"
      >
        shopify
        <span
          className="spantext"
        >
          Movies
        </span>
      </p>
    </div>
  </header>
  <div
    className="searchContainer"
  >
    <form
      className="formStyle"
      onSubmit={[Function]}
    >
      <div
        className="MuiFormControl-root MuiTextField-root textInput"
      >
        <div
          className="MuiInputBase-root MuiOutlinedInput-root MuiInputBase-formControl MuiInputBase-adornedStart MuiOutlinedInput-adornedStart"
          onClick={[Function]}
        >
          <div
            className="MuiInputAdornment-root MuiInputAdornment-positionStart"
          >
            <svg
              aria-hidden={true}
              className="MuiSvgIcon-root"
              focusable="false"
              viewBox="0 0 24 24"
            >
              <path
                d="M15.5 14h-.79l-.28-.27C15.41 12.59 16 11.11 16 9.5 16 5.91 13.09 3 9.5 3S3 5.91 3 9.5 5.91 16 9.5 16c1.61 0 3.09-.59 4.23-1.57l.27.28v.79l5 4.99L20.49 19l-4.99-5zm-6 0C7.01 14 5 11.99 5 9.5S7.01 5 9.5 5 14 7.01 14 9.5 11.99 14 9.5 14z"
              />
            </svg>
          </div>
          <input
            aria-invalid={false}
            autoFocus={false}
            className="MuiInputBase-input MuiOutlinedInput-input MuiInputBase-inputAdornedStart MuiOutlinedInput-inputAdornedStart"
            disabled={false}
            id="input-with-icon-textfield"
            onAnimationStart={[Function]}
            onBlur={[Function]}
            onChange={[Function]}
            onFocus={[Function]}
            required={false}
            type="text"
            value=""
          />
          <fieldset
            aria-hidden={true}
            className="PrivateNotchedOutline-root-1 MuiOutlinedInput-notchedOutline"
            style={
              Object {
                "paddingLeft": 8,
              }
            }
          >
            <legend
              className="PrivateNotchedOutline-legend-2"
              style={
                Object {
                  "width": 0.01,
                }
              }
            >
              <span
                dangerouslySetInnerHTML={
                  Object {
                    "__html": "&#8203;",
                  }
                }
              />
            </legend>
          </fieldset>
        </div>
      </div>
      <button
        className="buttonStyle"
        name="search"
        type="submit"
        value="submit"
      >
        Search
      </button>
    </form>
  </div>
  <div
    className="ListsContainer"
  >
    <div
      className="searchListContainer"
    >
      <p
        className="searchTitle"
      >
        Search Results
      </p>
    </div>
    <div
      className="nominationContainer"
    >
      <div
        className="nominationListTitleContainer"
      >
        <p
          className="nominationTitle"
        >
          Nominations
        </p>
      </div>
      <div
        className="nominationItemContainer"
      />
    </div>
  </div>
  <div
    className="Toastify"
  />
</div>
`;
